\BOOKMARK [1][-]{section.1}{\376\377\000M\000a\000i\000n\000\040\000D\000a\000t\000a\000\040\000S\000t\000u\000f\000f}{}% 1
\BOOKMARK [2][-]{subsection.1.1}{\376\377\000d\000a\000t\000a\000\137\000a\000r\000r\000a\000y}{section.1}% 2
\BOOKMARK [2][-]{subsection.1.2}{\376\377\000f\000l\000a\000g\000\137\000a\000r\000r\000a\000y}{section.1}% 3
\BOOKMARK [2][-]{subsection.1.3}{\376\377\000t\000i\000m\000e\000\137\000a\000r\000r\000a\000y}{section.1}% 4
\BOOKMARK [2][-]{subsection.1.4}{\376\377\000a\000n\000t\000\137\0001\000\137\000a\000r\000r\000a\000y}{section.1}% 5
\BOOKMARK [2][-]{subsection.1.5}{\376\377\000a\000n\000t\000\137\0002\000\137\000a\000r\000r\000a\000y}{section.1}% 6
\BOOKMARK [2][-]{subsection.1.6}{\376\377\000f\000r\000e\000q\000\137\000a\000r\000r\000a\000y}{section.1}% 7
\BOOKMARK [1][-]{section.2}{\376\377\000S\000u\000p\000e\000r\000\040\000I\000m\000p\000o\000r\000t\000a\000n\000t\000\040\000V\000a\000r\000i\000a\000b\000l\000e\000s\000\040\000t\000h\000a\000t\000\040\000c\000o\000n\000t\000r\000i\000b\000u\000t\000e\000\040\000t\000o\000\040\000d\000a\000t\000a}{}% 8
\BOOKMARK [2][-]{subsection.2.1}{\376\377\000N\000b\000l\000s}{section.2}% 9
\BOOKMARK [2][-]{subsection.2.2}{\376\377\000N\000b\000l\000t\000s}{section.2}% 10
\BOOKMARK [2][-]{subsection.2.3}{\376\377\000b\000a\000s\000e\000l\000i\000n\000e\000\137\000a\000r\000r\000a\000y}{section.2}% 11
\BOOKMARK [2][-]{subsection.2.4}{\376\377\000N\000f\000r\000e\000q\000s}{section.2}% 12
\BOOKMARK [2][-]{subsection.2.5}{\376\377\000N\000p\000o\000l\000s}{section.2}% 13
\BOOKMARK [2][-]{subsection.2.6}{\376\377\000p\000o\000l\000a\000r\000i\000z\000a\000t\000i\000o\000n\000\137\000a\000r\000r\000a\000y}{section.2}% 14
\BOOKMARK [2][-]{subsection.2.7}{\376\377\000N\000t\000i\000m\000e\000s}{section.2}% 15
\BOOKMARK [2][-]{subsection.2.8}{\376\377\000c\000h\000a\000n\000n\000e\000l\000\137\000w\000i\000d\000t\000h}{section.2}% 16
\BOOKMARK [2][-]{subsection.2.9}{\376\377\000i\000n\000t\000e\000g\000r\000a\000t\000i\000o\000n\000\137\000t\000i\000m\000e}{section.2}% 17
\BOOKMARK [2][-]{subsection.2.10}{\376\377\000n\000s\000a\000m\000p\000l\000e\000\137\000a\000r\000r\000a\000y}{section.2}% 18
\BOOKMARK [1][-]{section.3}{\376\377\000P\000h\000a\000s\000e\000\040\000C\000e\000n\000t\000e\000r\000\040\000S\000t\000u\000f\000f}{}% 19
\BOOKMARK [2][-]{subsection.3.1}{\376\377\000N\000p\000h\000a\000s\000e}{section.3}% 20
\BOOKMARK [2][-]{subsection.3.2}{\376\377\000p\000h\000a\000s\000e\000\137\000c\000e\000n\000t\000e\000r\000\137\000a\000p\000p\000\137\000d\000e\000c}{section.3}% 21
\BOOKMARK [2][-]{subsection.3.3}{\376\377\000p\000h\000a\000s\000e\000\137\000c\000e\000n\000t\000e\000r\000\137\000a\000p\000p\000\137\000r\000a}{section.3}% 22
\BOOKMARK [2][-]{subsection.3.4}{\376\377\000p\000h\000a\000s\000e\000\137\000c\000e\000n\000t\000e\000r\000\137\000c\000a\000t\000a\000l\000o\000g}{section.3}% 23
\BOOKMARK [2][-]{subsection.3.5}{\376\377\000p\000h\000a\000s\000e\000\137\000c\000e\000n\000t\000e\000r\000\137\000f\000r\000a\000m\000e\000\137\000p\000a}{section.3}% 24
\BOOKMARK [2][-]{subsection.3.6}{\376\377\000p\000h\000a\000s\000e\000\137\000c\000e\000n\000t\000e\000r\000\137\000i\000d\000\137\000a\000r\000r\000a\000y}{section.3}% 25
\BOOKMARK [1][-]{section.4}{\376\377\000S\000p\000e\000c\000t\000r\000a\000l\000\040\000W\000i\000n\000d\000o\000w}{}% 26
\BOOKMARK [2][-]{subsection.4.1}{\376\377\000N\000s\000p\000w\000s}{section.4}% 27
\BOOKMARK [2][-]{subsection.4.2}{\376\377\000s\000p\000w\000\137\000a\000r\000r\000a\000y}{section.4}% 28
\BOOKMARK [2][-]{subsection.4.3}{\376\377\000f\000l\000e\000x\000\137\000s\000p\000w\000\137\000i\000d\000\137\000a\000r\000r\000a\000y}{section.4}% 29
\BOOKMARK [1][-]{section.5}{\376\377\000N\000o\000t\000\040\000a\000s\000\040\000I\000m\000p\000o\000r\000t\000a\000n\000t}{}% 30
\BOOKMARK [2][-]{subsection.5.1}{\376\377\000l\000s\000t\000\137\000a\000r\000r\000a\000y}{section.5}% 31
\BOOKMARK [2][-]{subsection.5.2}{\376\377\000u\000v\000w\000\137\000a\000r\000r\000a\000y}{section.5}% 32
\BOOKMARK [2][-]{subsection.5.3}{\376\377\000t\000e\000l\000e\000s\000c\000o\000p\000e}{section.5}% 33
\BOOKMARK [2][-]{subsection.5.4}{\376\377\000h\000i\000s\000t\000o\000r\000y}{section.5}% 34
\BOOKMARK [2][-]{subsection.5.5}{\376\377\000v\000i\000s\000\137\000u\000n\000i\000t\000s}{section.5}% 35
\BOOKMARK [2][-]{subsection.5.6}{\376\377\000N\000a\000n\000t\000s\000\137\000d\000a\000t\000a}{section.5}% 36
