\BOOKMARK [0][-]{chapter.1}{\376\377\000I\000n\000t\000r\000o\000d\000u\000c\000t\000i\000o\000n}{}% 1
\BOOKMARK [0][-]{chapter.2}{\376\377\000T\000h\000e\000\040\000A\000n\000t\000e\000n\000n\000a}{}% 2
\BOOKMARK [1][-]{section.2.1}{\376\377\000C\000l\000o\000c\000k\000s}{chapter.2}% 3
\BOOKMARK [0][-]{chapter.3}{\376\377\000C\000h\000a\000n\000n\000e\000l\000i\000z\000a\000t\000i\000o\000n}{}% 4
\BOOKMARK [0][-]{chapter.4}{\376\377\000B\000a\000s\000e\000b\000a\000n\000d\000\040\000F\000i\000l\000e\000\040\000S\000y\000s\000t\000e\000m}{}% 5
\BOOKMARK [0][-]{chapter.5}{\376\377\000T\000i\000m\000i\000n\000g}{}% 6
\BOOKMARK [1][-]{section.5.1}{\376\377\000F\000r\000a\000m\000i\000n\000g\000\040\000t\000h\000e\000\040\000O\000b\000j\000e\000c\000t\000i\000v\000e}{chapter.5}% 7
\BOOKMARK [1][-]{section.5.2}{\376\377\000S\000a\000t\000e\000l\000l\000i\000t\000e\000\040\000P\000a\000s\000s\000e\000s}{chapter.5}% 8
\BOOKMARK [1][-]{section.5.3}{\376\377\000P\000r\000a\000c\000t\000i\000c\000a\000l\000\040\000I\000m\000p\000l\000e\000m\000e\000n\000t\000a\000t\000i\000o\000n}{chapter.5}% 9
\BOOKMARK [2][-]{subsection.5.3.1}{\376\377\000N\000o\000m\000e\000n\000c\000l\000a\000t\000u\000r\000e}{section.5.3}% 10
\BOOKMARK [2][-]{subsection.5.3.2}{\376\377\000D\000i\000s\000c\000r\000e\000t\000e\000\040\000C\000o\000m\000p\000u\000t\000a\000t\000i\000o\000n}{section.5.3}% 11
\BOOKMARK [1][-]{section.5.4}{\376\377\000A\000n\000a\000l\000y\000z\000i\000n\000g\000\040\000P\000u\000l\000s\000e\000s}{chapter.5}% 12
\BOOKMARK [0][-]{chapter.6}{\376\377\000B\000a\000s\000e\000l\000i\000n\000e\000\040\000C\000a\000l\000i\000b\000r\000a\000t\000i\000o\000n}{}% 13
\BOOKMARK [1][-]{section.6.1}{\376\377\000F\000r\000a\000m\000e\000w\000o\000r\000k}{chapter.6}% 14
\BOOKMARK [1][-]{section.6.2}{\376\377\000O\000b\000s\000e\000r\000v\000e\000d\000\040\000P\000u\000l\000s\000e\000s}{chapter.6}% 15
\BOOKMARK [2][-]{subsection.6.2.1}{\376\377\000T\000h\000e\000o\000r\000e\000t\000i\000c\000a\000l\000\040\000P\000u\000l\000s\000e}{section.6.2}% 16
\BOOKMARK [2][-]{subsection.6.2.2}{\376\377\000P\000r\000a\000c\000t\000i\000c\000a\000l\000\040\000P\000u\000l\000s\000e}{section.6.2}% 17
\BOOKMARK [2][-]{subsection.6.2.3}{\376\377\000F\000i\000l\000t\000e\000r\000i\000n\000g}{section.6.2}% 18
\BOOKMARK [1][-]{section.6.3}{\376\377\000P\000r\000e\000d\000i\000c\000t\000e\000d\000\040\000P\000h\000a\000s\000e}{chapter.6}% 19
\BOOKMARK [1][-]{section.6.4}{\376\377\000F\000i\000t\000t\000i\000n\000g}{chapter.6}% 20
\BOOKMARK [2][-]{subsection.6.4.1}{\376\377\000M\000o\000v\000i\000n\000g\000\040\000P\000a\000r\000t\000s}{section.6.4}% 21
\BOOKMARK [2][-]{subsection.6.4.2}{\376\377\000W\000e\000i\000g\000h\000t\000i\000n\000g\000\040\000M\000e\000t\000h\000o\000d\000s}{section.6.4}% 22
\BOOKMARK [2][-]{subsection.6.4.3}{\376\377\000F\000i\000t\000t\000i\000n\000g\000\040\000M\000e\000t\000h\000o\000d\000s}{section.6.4}% 23
\BOOKMARK [2][-]{subsection.6.4.4}{\376\377\000T\000e\000s\000t\000i\000n\000g\000\040\000M\000e\000t\000h\000o\000d\000s}{section.6.4}% 24
\BOOKMARK [1][-]{section.6.5}{\376\377\000L\000i\000m\000i\000t\000a\000t\000i\000o\000n\000s\000\040\000a\000n\000d\000\040\000F\000u\000t\000u\000r\000e\000\040\000D\000e\000v\000e\000l\000o\000p\000m\000e\000n\000t}{chapter.6}% 25
\BOOKMARK [0][-]{chapter.7}{\376\377\000V\000i\000s\000i\000b\000i\000l\000i\000t\000i\000e\000s\000\040\000a\000n\000d\000\040\000S\000t\000o\000r\000a\000g\000e}{}% 26
\BOOKMARK [1][-]{section.7.1}{\376\377\000R\000e\000-\000P\000F\000B}{chapter.7}% 27
\BOOKMARK [1][-]{section.7.2}{\376\377\000P\000Y\000U\000V}{chapter.7}% 28
\BOOKMARK [2][-]{subsection.7.2.1}{\376\377\000C\000o\000n\000s\000t\000a\000n\000t\000s}{section.7.2}% 29
\BOOKMARK [2][-]{subsection.7.2.2}{\376\377\000D\000a\000t\000a}{section.7.2}% 30
\BOOKMARK [3][-]{section*.15}{\376\377\000V\000i\000s\000i\000b\000i\000l\000i\000t\000y\000-\000R\000e\000l\000a\000t\000e\000d}{subsection.7.2.2}% 31
\BOOKMARK [3][-]{table.caption.16}{\376\377\000T\000i\000m\000e\000-\000R\000e\000l\000a\000t\000e\000d}{subsection.7.2.2}% 32
\BOOKMARK [3][-]{table.caption.17}{\376\377\000B\000a\000s\000e\000l\000i\000n\000e\000-\000R\000e\000l\000a\000t\000e\000d}{subsection.7.2.2}% 33
\BOOKMARK [3][-]{table.caption.18}{\376\377\000F\000r\000e\000q\000u\000e\000n\000c\000y\000\040\000a\000n\000d\000\040\000P\000o\000l\000a\000r\000i\000z\000a\000t\000i\000o\000n}{subsection.7.2.2}% 34
\BOOKMARK [3][-]{table.caption.19}{\376\377\000S\000p\000e\000c\000t\000r\000a\000l\000\040\000W\000i\000n\000d\000o\000w}{subsection.7.2.2}% 35
\BOOKMARK [1][-]{section.7.3}{\376\377\000S\000t\000o\000r\000a\000g\000e\000\040\000S\000y\000s\000t\000e\000m}{chapter.7}% 36
\BOOKMARK [0][-]{chapter.8}{\376\377\000F\000i\000n\000e\000\040\000T\000i\000m\000i\000n\000g}{}% 37
